exports[`Render App renders without crashing 1`] = `
<div
  className="app">
  <div
    className="app-header">
    <h2>
      Github User Search
    </h2>
  </div>
  <div
    className="app-content">
    <form
      onSubmit={[Function]}>
      <h3>
        Search all repositories for a gitHub user
      </h3>
      <label
        className="input-wrapper">
        <input
          className="search-form-input"
          placeholder="Introduce a username"
          type="text" />
      </label>
      <button
        className="search-button"
        type="submit">
        Search
      </button>
    </form>
    <p>
      
    </p>
    <ul
      className="repo-list" />
  </div>
</div>
`;
